###############################################################################
#
# IAR ELF Linker V8.40.1.212/W32 for ARM                  30/Nov/2019  21:47:09
# Copyright 2007-2019 IAR Systems AB.
#
#    Output file  =
#        D:\kraizette\STD\VII\POIP\PROJECTS\нрвер2\CPP.3\Debug\Exe\lr2.out
#    Map file     =
#        D:\kraizette\STD\VII\POIP\PROJECTS\нрвер2\CPP.3\Debug\List\lr2.map
#    Command line =
#        -f C:\Users\User\AppData\Local\Temp\EW1784.tmp
#        (D:\kraizette\STD\VII\POIP\PROJECTS\нрвер2\CPP.3\Debug\Obj\main.o
#        D:\kraizette\STD\VII\POIP\PROJECTS\нрвер2\CPP.3\Debug\Obj\startup.o
#        --no_out_extension -o
#        D:\kraizette\STD\VII\POIP\PROJECTS\нрвер2\CPP.3\Debug\Exe\lr2.out
#        --redirect _Printf=_PrintfFullNoMb --redirect _Scanf=_ScanfFullNoMb
#        --map
#        D:\kraizette\STD\VII\POIP\PROJECTS\нрвер2\CPP.3\Debug\List\lr2.map
#        --config D:\kraizette\STD\VII\POIP\PROJECTS\нрвер2\CPP.3\lr2.icf
#        --semihosting --entry __iar_program_start --no_exceptions --vfe
#        --enable_stack_usage --text_out locale)
#
###############################################################################

*******************************************************************************
*** MESSAGES
***

Warning[Ls015]: [stack usage analysis] at least one function appears to be
          uncalled. Example: "InterruptHandler::DummyHandler()". A complete
          list of uncalled functions is in the map file.


*******************************************************************************
*** RUNTIME MODEL ATTRIBUTES
***

CppFlavor        = *
__CPP_Exceptions = Disabled
__CPP_Language   = C++14
__SystemLibrary  = DLib
__dlib_version   = 6


*******************************************************************************
*** HEAP SELECTION
***

The basic heap was selected because no calls to memory allocation
functions were found in the application outside of system library
functions, and there are calls to deallocation functions in the
application.


*******************************************************************************
*** PLACEMENT SUMMARY
***

"A0":  place at address 0x800'0000 { ro section .intvec };
"P1":  place in [from 0x800'0000 to 0x807'ffff] { ro };
define block CSTACK with size = 256, alignment = 8 { };
define block HEAP with size = 0, alignment = 8 { };
"P2":  place in [from 0x2000'0000 to 0x2001'ffff] {
          rw, block CSTACK, block HEAP };

No sections matched the following patterns:

  rw  in "P2"


  Section   Kind         Address   Size  Object
  -------   ----         -------   ----  ------
"A0":                              0xbc
  .intvec   const     0x800'0000   0xbc  startup.o [1]
                    - 0x800'00bc   0xbc

"P1":                             0x108
  .text     ro code   0x800'00bc   0x26  main.o [1]
  .text     ro code   0x800'00e2    0x2  startup.o [1]
  .text     ro code   0x800'00e4   0x14  main.o [1]
  .text     ro code   0x800'00f8   0x10  main.o [1]
  .text     ro code   0x800'0108   0x14  main.o [1]
  .text     ro code   0x800'011c   0x1c  main.o [1]
  .text     ro code   0x800'0138   0x14  main.o [1]
  .text     ro code   0x800'014c   0x22  fpinit_M.o [3]
  .text     ro code   0x800'016e    0x2  startup.o [1]
  .text     ro code   0x800'0170   0x1e  cmain.o [4]
  .text     ro code   0x800'018e    0x4  exit.o [2]
  .rodata   const     0x800'0192    0x1  unwind_debug.o [5]
  .text     ro code   0x800'0194    0xa  cexit.o [4]
  .text     ro code   0x800'01a0   0x14  exit.o [5]
  .text     ro code   0x800'01b4   0x10  startup.o [1]
                    - 0x800'01c4  0x108

"P2":                             0x100
  CSTACK             0x2000'0000  0x100  <Block>
    CSTACK  uninit   0x2000'0000  0x100  <Block tail>
                   - 0x2000'0100  0x100

Unused ranges:

         From           To      Size
         ----           --      ----
   0x800'01c4   0x807'ffff  0x7'fe3c
  0x2000'0100  0x2001'ffff  0x1'ff00


*******************************************************************************
*** STACK USAGE
***

  Call Graph Root Category  Max Use  Total Use
  ------------------------  -------  ---------
  Program entry                 16         16
  Uncalled function              0          0


Program entry
  "__iar_program_start": 0x800'01b5

  Maximum call chain                               16  bytes

    "__iar_program_start"                           8
    "__cmain"                                       0
    "__low_level_init"                              8
    "void FieldValueBase<RCC_CR_HSEON_Values<RCC::CR, (unsigned int)16, (unsigned int)1, ReadWriteMode, RCC::RCCCRBase>, RCC::RCCCRBase, (unsigned int)1>::Set<ReadWriteMode, void>()"
                                                    0

Uncalled function
  "InterruptHandler::DummyHandler()": 0x800'00e3

  Maximum call chain                                0  bytes

    "InterruptHandler::DummyHandler()"              0

Uncalled function
  "InterruptHandler::Timer2Handler()": 0x800'016f

  Maximum call chain                                0  bytes

    "InterruptHandler::Timer2Handler()"             0


*******************************************************************************
*** MODULE SUMMARY
***

    Module          ro code  ro data  rw data
    ------          -------  -------  -------
command line/config:
    -----------------------------------------
    Total:

D:\kraizette\STD\VII\POIP\PROJECTS\нрвер2\CPP.3\Debug\Obj: [1]
    main.o              142
    startup.o            20      188
    -----------------------------------------
    Total:              162      188

dl7M_tln.a: [2]
    exit.o                4
    -----------------------------------------
    Total:                4

m7M_tls.a: [3]
    fpinit_M.o           34
    -----------------------------------------
    Total:               34

rt7M_tl.a: [4]
    cexit.o              10
    cmain.o              30
    -----------------------------------------
    Total:               40

shb_l.a: [5]
    exit.o               20
    unwind_debug.o                 1
    -----------------------------------------
    Total:               20        1

    Gaps                  3
    Linker created                        256
---------------------------------------------
    Grand Total:        263      189      256


*******************************************************************************
*** ENTRY LIST
***

Entry                       Address  Size  Type      Object
-----                       -------  ----  ----      ------
?main                    0x800'0171        Code  Gb  cmain.o [4]
CSTACK$$Base            0x2000'0000         --   Gb  - Linker created -
CSTACK$$Limit           0x2000'0100         --   Gb  - Linker created -
InterruptHandler::DummyHandler()
                         0x800'00e3   0x2  Code  Gb  startup.o [1]
InterruptHandler::Timer2Handler()
                         0x800'016f   0x2  Code  Gb  startup.o [1]
Region$$Table$$Base             0x0         --   Gb  - Linker created -
Region$$Table$$Limit            0x0         --   Gb  - Linker created -
__cmain                  0x800'0171        Code  Gb  cmain.o [4]
__exit                   0x800'01a1  0x14  Code  Gb  exit.o [5]
__iar_debug_exceptions   0x800'0192   0x1  Data  Gb  unwind_debug.o [5]
__iar_init_vfp           0x800'014d        Code  Gb  fpinit_M.o [3]
__iar_program_start      0x800'01b5  0x10  Code  Gb  startup.o [1]
__low_level_init         0x800'00bd  0x22  Code  Gb  main.o [1]
__vector_table           0x800'0000  0xbc  Data  Lc  startup.o [1]
_call_main               0x800'017d        Code  Gb  cmain.o [4]
_exit                    0x800'0195        Code  Gb  cexit.o [4]
_main                    0x800'018b        Code  Gb  cmain.o [4]
bool FieldValueBase<RCC_CFGR_SWS_Values<RCC::CFGR, (unsigned int)2, (unsigned int)2, ReadMode, RCC::RCCCFGRBase>, RCC::RCCCFGRBase, (unsigned int)1>::IsSet<ReadMode, void>()
                         0x800'011d  0x1c  Code  Gb  main.o [1]
bool FieldValueBase<RCC_CR_HSERDY_Values<RCC::CR, (unsigned int)17, (unsigned int)1, ReadMode, RCC::RCCCRBase>, RCC::RCCCRBase, (unsigned int)1>::IsSet<ReadMode, void>()
                         0x800'00f9  0x10  Code  Gb  main.o [1]
exit                     0x800'018f   0x4  Code  Gb  exit.o [2]
main                     0x800'00df   0x4  Code  Gb  main.o [1]
void FieldValueBase<RCC_CFGR_HPRE_Values<RCC::CFGR, (unsigned int)4, (unsigned int)4, ReadWriteMode, RCC::RCCCFGRBase>, RCC::RCCCFGRBase, (unsigned int)1>::Set<ReadWriteMode, void>()
                         0x800'0139  0x14  Code  Gb  main.o [1]
void FieldValueBase<RCC_CFGR_SW_Values<RCC::CFGR, (unsigned int)0, (unsigned int)2, ReadWriteMode, RCC::RCCCFGRBase>, RCC::RCCCFGRBase, (unsigned int)1>::Set<ReadWriteMode, void>()
                         0x800'0109  0x14  Code  Gb  main.o [1]
void FieldValueBase<RCC_CR_HSEON_Values<RCC::CR, (unsigned int)16, (unsigned int)1, ReadWriteMode, RCC::RCCCRBase>, RCC::RCCCRBase, (unsigned int)1>::Set<ReadWriteMode, void>()
                         0x800'00e5  0x14  Code  Gb  main.o [1]


[1] = D:\kraizette\STD\VII\POIP\PROJECTS\нрвер2\CPP.3\Debug\Obj
[2] = dl7M_tln.a
[3] = m7M_tls.a
[4] = rt7M_tl.a
[5] = shb_l.a

  263 bytes of readonly  code memory
  189 bytes of readonly  data memory
  256 bytes of readwrite data memory

Errors: none
Warnings: 1
