###############################################################################
#
# IAR ELF Linker V8.40.1.212/W32 for ARM                  30/Nov/2019  20:59:45
# Copyright 2007-2019 IAR Systems AB.
#
#    Output file  =
#        D:\kraizette\STD\VII\POIP\PROJECTS\нрвер2\CPP.2\Debug\Exe\lr2.out
#    Map file     =
#        D:\kraizette\STD\VII\POIP\PROJECTS\нрвер2\CPP.2\Debug\List\lr2.map
#    Command line =
#        -f C:\Users\User\AppData\Local\Temp\EWB326.tmp
#        (D:\kraizette\STD\VII\POIP\PROJECTS\нрвер2\CPP.2\Debug\Obj\main.o
#        D:\kraizette\STD\VII\POIP\PROJECTS\нрвер2\CPP.2\Debug\Obj\startup.o
#        --no_out_extension -o
#        D:\kraizette\STD\VII\POIP\PROJECTS\нрвер2\CPP.2\Debug\Exe\lr2.out
#        --redirect _Printf=_PrintfFullNoMb --redirect _Scanf=_ScanfFullNoMb
#        --map
#        D:\kraizette\STD\VII\POIP\PROJECTS\нрвер2\CPP.2\Debug\List\lr2.map
#        --config D:\kraizette\STD\VII\POIP\PROJECTS\нрвер2\CPP.2\lr2.icf
#        --semihosting --entry __iar_program_start --no_exceptions --vfe
#        --enable_stack_usage --text_out locale)
#
###############################################################################

*******************************************************************************
*** MESSAGES
***

Warning[Ls015]: [stack usage analysis] at least one function appears to be
          uncalled. Example: "InterruptHandler::DummyHandler()". A complete
          list of uncalled functions is in the map file.


*******************************************************************************
*** RUNTIME MODEL ATTRIBUTES
***

CppFlavor        = *
__CPP_Exceptions = Disabled
__CPP_Language   = C++14
__Heap_Handler   = Basic
__SystemLibrary  = DLib
__dlib_version   = 6


*******************************************************************************
*** HEAP SELECTION
***

The basic heap was selected because no calls to memory allocation
functions were found in the application outside of system library
functions, and there are calls to deallocation functions in the
application.


*******************************************************************************
*** PLACEMENT SUMMARY
***

"A0":  place at address 0x800'0000 { ro section .intvec };
"P1":  place in [from 0x800'0000 to 0x807'ffff] { ro };
define block CSTACK with size = 256, alignment = 8 { };
define block HEAP with size = 0, alignment = 8 { };
"P2":  place in [from 0x2000'0000 to 0x2001'ffff] {
          rw, block CSTACK, block HEAP };

No sections matched the following patterns:

  rw  in "P2"


  Section   Kind         Address   Size  Object
  -------   ----         -------   ----  ------
"A0":                              0xbc
  .intvec   const     0x800'0000   0xbc  startup.o [1]
                    - 0x800'00bc   0xbc

"P1":                              0x94
  .text     ro code   0x800'00bc   0x22  fpinit_M.o [4]
  .text     ro code   0x800'00de    0x2  startup.o [1]
  .text     ro code   0x800'00e0   0x1e  cmain.o [5]
  .text     ro code   0x800'00fe    0x4  low_level_init.o [2]
  .text     ro code   0x800'0102    0x2  startup.o [1]
  .text     ro code   0x800'0104   0x18  main.o [1]
  .text     ro code   0x800'011c    0x4  exit.o [2]
  .text     ro code   0x800'0120    0xa  cexit.o [5]
  .rodata   const     0x800'012a    0x1  unwind_debug.o [6]
  .text     ro code   0x800'012c   0x14  exit.o [6]
  .text     ro code   0x800'0140   0x10  startup.o [1]
                    - 0x800'0150   0x94

"P2":                             0x100
  CSTACK             0x2000'0000  0x100  <Block>
    CSTACK  uninit   0x2000'0000  0x100  <Block tail>
                   - 0x2000'0100  0x100

Unused ranges:

         From           To      Size
         ----           --      ----
   0x800'0150   0x807'ffff  0x7'feb0
  0x2000'0100  0x2001'ffff  0x1'ff00


*******************************************************************************
*** STACK USAGE
***

  Call Graph Root Category  Max Use  Total Use
  ------------------------  -------  ---------
  Program entry                 16         16
  Uncalled function              0          0


Program entry
  "__iar_program_start": 0x800'0141

  Maximum call chain                               16  bytes

    "__iar_program_start"                           8
    "__cmain"                                       0
    "exit"                                          0
    "_exit"                                         0
    "__exit"                                        8

Uncalled function
  "InterruptHandler::DummyHandler()": 0x800'00df

  Maximum call chain                                0  bytes

    "InterruptHandler::DummyHandler()"              0

Uncalled function
  "InterruptHandler::Timer2Handler()": 0x800'0103

  Maximum call chain                                0  bytes

    "InterruptHandler::Timer2Handler()"             0


*******************************************************************************
*** MODULE SUMMARY
***

    Module            ro code  ro data  rw data
    ------            -------  -------  -------
command line/config:
    -------------------------------------------
    Total:

D:\kraizette\STD\VII\POIP\PROJECTS\нрвер2\CPP.2\Debug\Obj: [1]
    main.o                 24
    startup.o              20      188
    -------------------------------------------
    Total:                 44      188

dl7M_tln.a: [2]
    exit.o                  4
    low_level_init.o        4
    -------------------------------------------
    Total:                  8

dlpp7M_tl_nc.a: [3]
    -------------------------------------------
    Total:

m7M_tls.a: [4]
    fpinit_M.o             34
    -------------------------------------------
    Total:                 34

rt7M_tl.a: [5]
    cexit.o                10
    cmain.o                30
    -------------------------------------------
    Total:                 40

shb_l.a: [6]
    exit.o                 20
    unwind_debug.o                   1
    -------------------------------------------
    Total:                 20        1

    Gaps                    1
    Linker created                          256
-----------------------------------------------
    Grand Total:          147      189      256


*******************************************************************************
*** ENTRY LIST
***

Entry                       Address  Size  Type      Object
-----                       -------  ----  ----      ------
?main                    0x800'00e1        Code  Gb  cmain.o [5]
CSTACK$$Base            0x2000'0000         --   Gb  - Linker created -
CSTACK$$Limit           0x2000'0100         --   Gb  - Linker created -
InterruptHandler::DummyHandler()
                         0x800'00df   0x2  Code  Gb  startup.o [1]
InterruptHandler::Timer2Handler()
                         0x800'0103   0x2  Code  Gb  startup.o [1]
Region$$Table$$Base             0x0         --   Gb  - Linker created -
Region$$Table$$Limit            0x0         --   Gb  - Linker created -
__cmain                  0x800'00e1        Code  Gb  cmain.o [5]
__exit                   0x800'012d  0x14  Code  Gb  exit.o [6]
__iar_debug_exceptions   0x800'012a   0x1  Data  Gb  unwind_debug.o [6]
__iar_init_vfp           0x800'00bd        Code  Gb  fpinit_M.o [4]
__iar_program_start      0x800'0141  0x10  Code  Gb  startup.o [1]
__low_level_init         0x800'00ff   0x4  Code  Gb  low_level_init.o [2]
__vector_table           0x800'0000  0xbc  Data  Lc  startup.o [1]
_call_main               0x800'00ed        Code  Gb  cmain.o [5]
_exit                    0x800'0121        Code  Gb  cexit.o [5]
_main                    0x800'00fb        Code  Gb  cmain.o [5]
exit                     0x800'011d   0x4  Code  Gb  exit.o [2]
main                     0x800'0105  0x18  Code  Gb  main.o [1]


[1] = D:\kraizette\STD\VII\POIP\PROJECTS\нрвер2\CPP.2\Debug\Obj
[2] = dl7M_tln.a
[3] = dlpp7M_tl_nc.a
[4] = m7M_tls.a
[5] = rt7M_tl.a
[6] = shb_l.a

  147 bytes of readonly  code memory
  189 bytes of readonly  data memory
  256 bytes of readwrite data memory

Errors: none
Warnings: 1
